/*C2*/SET SCHEMA PUBLIC
DELETE FROM ALUNOS WHERE RA=1
INSERT INTO ALUNOS VALUES(1,'Jos\u00e9 Gabriel','2005-03-09',1000.00)
COMMIT
DELETE FROM ALUNOS WHERE RA=1
INSERT INTO ALUNOS VALUES(1,'Jos\u00e9 Gabriel','2006-03-09',1000.00)
COMMIT
DELETE FROM ALUNOS WHERE RA=1
INSERT INTO ALUNOS VALUES(1,'Jos\u00e9 Gabriel','2002-03-08',2000.00)
COMMIT
DELETE FROM ALUNOS WHERE RA=1
INSERT INTO ALUNOS VALUES(1,'Jos\u00e9 Gabriel','2007-03-09',2000.00)
COMMIT
DELETE FROM ALUNOS WHERE RA=1
INSERT INTO ALUNOS VALUES(1,'Jos\u00e9 Gabriel','2007-03-09',2000.00)
COMMIT
DELETE FROM ALUNOS WHERE RA=1
INSERT INTO ALUNOS VALUES(1,'Jos\u00e9 Gabriel','2003-09-03',2000.00)
COMMIT
